
> portfolio@0.1.0 test
> react-scripts test --coverage

FAIL src/App.test.tsx
  ✕ renders learn react link (225 ms)

  ● renders learn react link

    TestingLibraryElementError: Unable to find an element with the text: /learn react/i. This could be because the text is broken up by multiple elements. In this case, you can provide a function for your text matcher to make your matcher more flexible.

    Ignored nodes: comments, script, style
    [36m<body>[39m
      [36m<div>[39m
        [36m<div[39m
          [33mclass[39m=[32m"App"[39m
        [36m>[39m
          [36m<nav[39m
            [33mclass[39m=[32m"chakra-stack css-zd2o3i"[39m
          [36m>[39m
            [36m<div[39m
              [33mclass[39m=[32m"chakra-stack css-84zodg"[39m
            [36m>[39m
              [36m<h2[39m
                [33mclass[39m=[32m"chakra-heading css-yc55n3"[39m
              [36m>[39m
                [36m<a[39m
                  [33mclass[39m=[32m"chakra-link css-0"[39m
                  [33mhref[39m=[32m"#top"[39m
                  [33mid[39m=[32m"topName"[39m
                [36m>[39m
                  [0m# Aman Singh[0m
                [36m</a>[39m
              [36m</h2>[39m
            [36m</div>[39m
            [36m<div[39m
              [33mclass[39m=[32m"navLinks css-wly42z"[39m
            [36m>[39m
              [36m<a[39m
                [33mclass[39m=[32m"chakra-link css-0"[39m
                [33mhref[39m=[32m"#about"[39m
              [36m>[39m
                [0mAbout Me[0m
              [36m</a>[39m
              [36m<a[39m
                [33mclass[39m=[32m"chakra-link css-0"[39m
                [33mhref[39m=[32m"#experience"[39m
              [36m>[39m
                [0mExperience[0m
              [36m</a>[39m
              [36m<a[39m
                [33mclass[39m=[32m"chakra-link css-0"[39m
                [33mhref[39m=[32m"#projects"[39m
              [36m>[39m
                [0mProjects[0m
              [36m</a>[39m
              [36m<a[39m
                [33mclass[39m=[32m"chakra-link css-0"[39m
                [33mhref[39m=[32m"#skills"[39m
              [36m>[39m
                [0mSkills[0m
              [36m</a>[39m
              [36m<a[39m
                [33mclass[39m=[32m"chakra-link css-8er82g"[39m
                [33mhref[39m=[32m"#resume"[39m
                [33mid[39m=[32m"resumeLink"[39m
                [33mtarget[39m=[32m"_self"[39m
              [36m>[39m
                [0mResume[0m
              [36m</a>[39m
            [36m</div>[39m
          [36m</nav>[39m
          [36m<div[39m
            [33mclass[39m=[32m"chakra-container section css-1d47gwd"[39m
            [33mid[39m=[32m"top"[39m
          [36m>[39m
            [36m<h2[39m
              [33mclass[39m=[32m"chakra-heading css-0"[39m
            [36m>[39m
              [0mHi! I'm Aman.[0m
            [36m</h2>[39m
            [36m<div[39m
              [33mclass[39m=[32m"css-3c83ig"[39m
            [36m>[39m
              [36m<img[39m
                [33malt[39m=[32m"Me"[39m
                [33mid[39m=[32m"mainPhoto"[39m
                [33msrc[39m=[32m"https://i.imgur.com/x97qmFj.png"[39m
              [36m/>[39m
            [36m</div>[39m
            [36m<div[39m
              [33mclass[39m=[32m"chakra-container css-bk9fzy"[39m
            [36m>[39m
              [0mI'm a [0m
              [0m20[0m
              [0m-year-old student at the University of Delaware, and I love to build programs and websites.[0m
              [36m<br />[39m
              [36m<br />[39m
              [0mFeel free to explore this site to find out more about my experience, projects, and other interests.[0m
            [36m</div>[39m
            [36m<div[39m
              [33mclass[39m=[32m"css-1ailrle"[39m
            [36m>[39m
              [36m<svg[39m
                [33maria-hidden[39m=[32m"true"[39m
                [33mclass[39m=[32m"svg-inline--fa fa-chevron-down fa-bounce"[39m
                [33mdata-icon[39m=[32m"chevron-down"[39m
                [33mdata-prefix[39m=[32m"fas"[39m
                [33mfocusable[39m=[32m"false"[39m
                [33mfont-size[39m=[32m"24px"[39m
                [33mrole[39m=[32m"img"[39m
                [33mviewBox[39m=[32m"0 0 512 512"[39m
                [33mxmlns[39m=[32m"http://www.w3.org/2000/svg"[39m
              [36m>[39m
                [36m<path[39m
                  [33md[39m=[32m"M233.4 406.6c12.5 12.5 32.8 12.5 45.3 0l192-192c12.5-12.5 12.5-32.8 0-45.3s-32.8-12.5-45.3 0L256 338.7 86.6 169.4c-12.5-12.5-32.8-12.5-45.3 0s-12.5 32.8 0 45.3l192 192z"[39m
                  [33mfill[39m=[32m"currentColor"[39m
                [36m/>[39m
              [36m</svg>[39m
            [36m</div>[39m
          [36m</div>[39m
          [36m<div[39m
            [33mclass[39m=[32m"chakra-container section css-bzob6d"[39m
            [33mid[39m=[32m"about"[39m
          [36m>[39m
            [36m<h2[39m
              [33mclass[39m=[32m"chakra-heading css-1r2f04i"[39m
            [36m>[39m
              [0mWho am I?[0m
            [36m</h2>[39m
            [36m<div[39m
              [33mclass[39m=[32m"chakra-container css-6xix1i"[39m
            [36m>[39m
              [36m<div[39m
                [33mclass[39m=[32m"chakra-stack css-zsoya5"[39m
              [36m>[39m
                [36m<div[39m
                  [33mclass[39m=[32m"chakra-stack css-uqhqx0"[39m
                [36m>[39m
                  [36m<div>[39m
                    [36m<h2[39m
                      [33mclass[39m=[32m"chakra-heading css-1hy3xpg"[39m
                    [36m>[39m
                      [0mI'm a[0m
                      [0m [0m
                      [36m<span[39m
                        [33mclass[39m=[32m"chakra-text css-zov4ca"[39m
                      [36m>[39m
                        [0mlearner[0m
                      [36m</span>[39m
                      [0m.[0m
                    [36m</h2>[39m
                    [36m<p>[39m
                      [0mI currently attend the University of Delaware as a third-year student majoring in Computer Science B.S. (2021 - present).[0m
                    [36m</p>[39m
                  [36m</div>[39m
                  [36m<img[39m
                    [33malt[39m=[32m"UD logo"[39m
                    [33mclass[39m=[32m"chakra-image css-88h566"[39m
                    [33msrc[39m=[32m"https://i.imgur.com/4Ekoxl6.png"[39m
                  [36m/>[39m
                [36m</div>[39m
                [36m<div[39m
                  [33mclass[39m=[32m"chakra-stack__divider css-17rehbt"[39m
                [36m/>[39m
                [36m<div[39m
                  [33mclass[39m=[32m"chakra-stack css-1s0piao"[39m
                [36m>[39m
                  [36m<img[39m
                    [33malt[39m=[32m"Wyzant logo"[39m
                    [33mclass[39m=[32m"chakra-image css-88h566"[39m
                    [33msrc[39m=[32m"https://i.imgur.com/eatPtCx.png"[39m
                  [36m/>[39m
                  [36m<div>[39m
                    [36m<h2[39m
                      [33mclass[39m=[32m"chakra-heading css-1hy3xpg"[39m
                    [36m>[39m
                      [0mI'm a[0m
                      [0m [0m
                      [36m<span[39m
                        [33mclass[39m=[32m"chakra-text css-1yniq95"[39m
                      [36m>[39m
                        [0mteacher[0m
                      [36m</span>[39m
                      [0m.[0m
                    [36m</h2>[39m
                    [36m<p>[39m
                      [0mAs a [0m
                      [36m<b>[39m
                        [0mcertified tutor[0m
                      [36m</b>[39m
                      [0m on Wyzant, I hold in-person and onl...

       5 | test('renders learn react link', () => {
       6 |   render(<App />);
    >  7 |   const linkElement = screen.getByText(/learn react/i);
         |                              ^
       8 |   expect(linkElement).toBeInTheDocument();
       9 | });
      10 |

      at Object.getElementError (node_modules/@testing-library/react/node_modules/@testing-library/dom/dist/config.js:37:19)
      at node_modules/@testing-library/react/node_modules/@testing-library/dom/dist/query-helpers.js:76:38
      at node_modules/@testing-library/react/node_modules/@testing-library/dom/dist/query-helpers.js:52:17
      at getByText (node_modules/@testing-library/react/node_modules/@testing-library/dom/dist/query-helpers.js:95:19)
      at Object.<anonymous> (src/App.test.tsx:7:30)
      at TestScheduler.scheduleTests (node_modules/@jest/core/build/TestScheduler.js:333:13)
      at runJest (node_modules/@jest/core/build/runJest.js:404:19)
      at _run10000 (node_modules/@jest/core/build/cli/index.js:320:7)
      at runCLI (node_modules/@jest/core/build/cli/index.js:173:3)

--------------------|---------|----------|---------|---------|-------------------
File                | % Stmts | % Branch | % Funcs | % Lines | Uncovered Line #s 
--------------------|---------|----------|---------|---------|-------------------
All files           |      32 |    16.66 |      20 |      32 |                   
 App.tsx            |   57.14 |       50 |      25 |   57.14 | 40-41,99-367      
 index.tsx          |       0 |      100 |     100 |       0 | 8-22              
 reportWebVitals.ts |       0 |        0 |       0 |       0 | 3-10              
--------------------|---------|----------|---------|---------|-------------------
Test Suites: 1 failed, 1 total
Tests:       1 failed, 1 total
Snapshots:   0 total
Time:        2.694 s
Ran all test suites.
